[launcher] clean H3 runtime starting
[launcher] diagnostic URLs: :8188/ and :8189/launch.log
[launcher] models=/workspace/models download=0
[launcher] inputs=/workspace/ComfyUI/input outputs=/workspace/ComfyUI/output
[launcher] kernel=Linux 6.8.0-138-generic x86_64 GNU/Linux
[launcher] NVIDIA_VISIBLE_DEVICES=void
[launcher] CUDA_VISIBLE_DEVICES=unset
[launcher] NVIDIA_DRIVER_CAPABILITIES=compute,utility
[launcher] clearing NVIDIA_VISIBLE_DEVICES=void; GPU device nodes are mounted
[launcher] cgroup memory.max=106999996416
[launcher] NVIDIA device files:
crw-rw-rw- 1 nobody nogroup 195, 254 Aug 31 05:59 /dev/nvidia-modeset
crw-rw-rw- 1 nobody nogroup 507,   0 Aug 31 05:59 /dev/nvidia-uvm
crw-rw-rw- 1 nobody nogroup 507,   1 Aug 31 05:59 /dev/nvidia-uvm-tools
crw-rw-rw- 1 nobody nogroup 195,   4 Aug 31 05:59 /dev/nvidia4
crw-rw-rw- 1 nobody nogroup 195, 255 Aug 31 05:59 /dev/nvidiactl
[launcher] nvidia-smi:
Fri Sep  4 22:13:50 2026       
+-----------------------------------------------------------------------------------------+
| NVIDIA-SMI 580.178.04             Driver Version: 580.178.04     CUDA Version: 13.0     |
+-----------------------------------------+------------------------+----------------------+
| GPU  Name                 Persistence-M | Bus-Id          Disp.A | Volatile Uncorr. ECC |
| Fan  Temp   Perf          Pwr:Usage/Cap |           Memory-Usage | GPU-Util  Compute M. |
|                                         |                        |               MIG M. |
|=========================================+========================+======================|
|   0  NVIDIA GeForce RTX 4090        On  |   00000000:65:00.0 Off |                  Off |
|  0%   25C    P8              7W /  450W |       1MiB /  24564MiB |      0%      Default |
|                                         |                        |                  N/A |
+-----------------------------------------+------------------------+----------------------+

+-----------------------------------------------------------------------------------------+
| Processes:                                                                              |
|  GPU   GI   CI              PID   Type   Process name                        GPU Memory |
|        ID   ID                                                               Usage      |
|=========================================================================================|
|  No running processes found                                                             |
+-----------------------------------------------------------------------------------------+
[launcher] direct CUDA driver probe 1/1
[launcher] libcuda: cuInit=999 cuDeviceGetCount=-1 devices=-1
[launcher] FATAL: boot failed with status=1 near line=181
[launcher] keeping diagnostic endpoints alive; inspect /launch.log
